--------------------------------------------------------------------------------------
Timing Analyzer Summary
--------------------------------------------------------------------------------------

Type           : Worst-case tco
Slack          : N/A
Required Time  : None
Actual Time    : 12.903 ns
From           : Control:comb_270|state.BEQ
To             : Estado[1]
From Clock     : Clk
To Clock       : --
Failed Paths   : 0

Type           : Clock Setup: 'Clk'
Slack          : N/A
Required Time  : None
Actual Time    : 44.36 MHz ( period = 22.545 ns )
From           : Control:comb_270|state.AND
To             : Registrador:ProgramCounter|Saida[24]
From Clock     : Clk
To Clock       : Clk
Failed Paths   : 0

Type           : Total number of failed paths
Slack          : 
Required Time  : 
Actual Time    : 
From           : 
To             : 
From Clock     : 
To Clock       : 
Failed Paths   : 0

--------------------------------------------------------------------------------------

