Classic Timing Analyzer report for MIPS
Mon Oct 09 11:36:30 2017
Quartus II Version 9.1 Build 350 03/24/2010 Service Pack 2 SJ Web Edition


---------------------
; Table of Contents ;
---------------------
  1. Legal Notice
  2. Timing Analyzer Summary
  3. Timing Analyzer Settings
  4. Clock Settings Summary
  5. Parallel Compilation
  6. Clock Setup: 'Clk'
  7. tco
  8. Timing Analyzer Messages



----------------
; Legal Notice ;
----------------
Copyright (C) 1991-2010 Altera Corporation
Your use of Altera Corporation's design tools, logic functions 
and other software and tools, and its AMPP partner logic 
functions, and any output files from any of the foregoing 
(including device programming or simulation files), and any 
associated documentation or information are expressly subject 
to the terms and conditions of the Altera Program License 
Subscription Agreement, Altera MegaCore Function License 
Agreement, or other applicable license agreement, including, 
without limitation, that your use is for the sole purpose of 
programming logic devices manufactured by Altera and sold by 
Altera or its authorized distributors.  Please refer to the 
applicable agreement for further details.



+----------------------------------------------------------------------------------------------------------------------------------------------------------------------------------------------------+
; Timing Analyzer Summary                                                                                                                                                                            ;
+------------------------------+-------+---------------+----------------------------------+----------------------------+--------------------------------------+------------+----------+--------------+
; Type                         ; Slack ; Required Time ; Actual Time                      ; From                       ; To                                   ; From Clock ; To Clock ; Failed Paths ;
+------------------------------+-------+---------------+----------------------------------+----------------------------+--------------------------------------+------------+----------+--------------+
; Worst-case tco               ; N/A   ; None          ; 12.903 ns                        ; Control:comb_270|state.BEQ ; Estado[1]                            ; Clk        ; --       ; 0            ;
; Clock Setup: 'Clk'           ; N/A   ; None          ; 44.36 MHz ( period = 22.545 ns ) ; Control:comb_270|state.AND ; Registrador:ProgramCounter|Saida[24] ; Clk        ; Clk      ; 0            ;
; Total number of failed paths ;       ;               ;                                  ;                            ;                                      ;            ;          ; 0            ;
+------------------------------+-------+---------------+----------------------------------+----------------------------+--------------------------------------+------------+----------+--------------+


+-----------------------------------------------------------------------------------------------------------------------------------------------------+
; Timing Analyzer Settings                                                                                                                            ;
+------------------------------------------------------------------------------------------------------+--------------------+------+----+-------------+
; Option                                                                                               ; Setting            ; From ; To ; Entity Name ;
+------------------------------------------------------------------------------------------------------+--------------------+------+----+-------------+
; Device Name                                                                                          ; EP2C70F896C6       ;      ;    ;             ;
; Timing Models                                                                                        ; Final              ;      ;    ;             ;
; Default hold multicycle                                                                              ; Same as Multicycle ;      ;    ;             ;
; Cut paths between unrelated clock domains                                                            ; On                 ;      ;    ;             ;
; Cut off read during write signal paths                                                               ; On                 ;      ;    ;             ;
; Cut off feedback from I/O pins                                                                       ; On                 ;      ;    ;             ;
; Report Combined Fast/Slow Timing                                                                     ; Off                ;      ;    ;             ;
; Ignore Clock Settings                                                                                ; Off                ;      ;    ;             ;
; Analyze latches as synchronous elements                                                              ; On                 ;      ;    ;             ;
; Enable Recovery/Removal analysis                                                                     ; Off                ;      ;    ;             ;
; Enable Clock Latency                                                                                 ; Off                ;      ;    ;             ;
; Use TimeQuest Timing Analyzer                                                                        ; Off                ;      ;    ;             ;
; Minimum Core Junction Temperature                                                                    ; 0                  ;      ;    ;             ;
; Maximum Core Junction Temperature                                                                    ; 85                 ;      ;    ;             ;
; Number of source nodes to report per destination node                                                ; 10                 ;      ;    ;             ;
; Number of destination nodes to report                                                                ; 10                 ;      ;    ;             ;
; Number of paths to report                                                                            ; 200                ;      ;    ;             ;
; Report Minimum Timing Checks                                                                         ; Off                ;      ;    ;             ;
; Use Fast Timing Models                                                                               ; Off                ;      ;    ;             ;
; Report IO Paths Separately                                                                           ; Off                ;      ;    ;             ;
; Perform Multicorner Analysis                                                                         ; On                 ;      ;    ;             ;
; Reports the worst-case path for each clock domain and analysis                                       ; Off                ;      ;    ;             ;
; Reports worst-case timing paths for each clock domain and analysis                                   ; On                 ;      ;    ;             ;
; Specifies the maximum number of worst-case timing paths to report for each clock domain and analysis ; 100                ;      ;    ;             ;
; Removes common clock path pessimism (CCPP) during slack computation                                  ; Off                ;      ;    ;             ;
; Output I/O Timing Endpoint                                                                           ; Near End           ;      ;    ;             ;
+------------------------------------------------------------------------------------------------------+--------------------+------+----+-------------+


+------------------------------------------------------------------------------------------------------------------------------------------------------------------------------------+
; Clock Settings Summary                                                                                                                                                             ;
+-----------------+--------------------+----------+------------------+---------------+--------------+----------+-----------------------+---------------------+--------+--------------+
; Clock Node Name ; Clock Setting Name ; Type     ; Fmax Requirement ; Early Latency ; Late Latency ; Based on ; Multiply Base Fmax by ; Divide Base Fmax by ; Offset ; Phase offset ;
+-----------------+--------------------+----------+------------------+---------------+--------------+----------+-----------------------+---------------------+--------+--------------+
; Clk             ;                    ; User Pin ; None             ; 0.000 ns      ; 0.000 ns     ; --       ; N/A                   ; N/A                 ; N/A    ;              ;
+-----------------+--------------------+----------+------------------+---------------+--------------+----------+-----------------------+---------------------+--------+--------------+


+------------------------------------------+
; Parallel Compilation                     ;
+----------------------------+-------------+
; Processors                 ; Number      ;
+----------------------------+-------------+
; Number detected on machine ; 4           ;
; Maximum allowed            ; 4           ;
;                            ;             ;
; Average used               ; 1.00        ;
; Maximum used               ; 1           ;
;                            ;             ;
; Usage by Processor         ; % Time Used ;
;     1 processor            ; 100.0%      ;
;     2-4 processors         ;   0.0%      ;
+----------------------------+-------------+


+--------------------------------------------------------------------------------------------------------------------------------------------------------------------------------------------------------------------------------------------------------------------------------------------+
; Clock Setup: 'Clk'                                                                                                                                                                                                                                                                         ;
+-----------------------------------------+-----------------------------------------------------+-----------------------------------------+--------------------------------------+------------+----------+-----------------------------+---------------------------+-------------------------+
; Slack                                   ; Actual fmax (period)                                ; From                                    ; To                                   ; From Clock ; To Clock ; Required Setup Relationship ; Required Longest P2P Time ; Actual Longest P2P Time ;
+-----------------------------------------+-----------------------------------------------------+-----------------------------------------+--------------------------------------+------------+----------+-----------------------------+---------------------------+-------------------------+
; N/A                                     ; 44.36 MHz ( period = 22.545 ns )                    ; Control:comb_270|state.AND              ; Registrador:ProgramCounter|Saida[11] ; Clk        ; Clk      ; None                        ; None                      ; 22.317 ns               ;
; N/A                                     ; 44.36 MHz ( period = 22.545 ns )                    ; Control:comb_270|state.AND              ; Registrador:ProgramCounter|Saida[12] ; Clk        ; Clk      ; None                        ; None                      ; 22.317 ns               ;
; N/A                                     ; 44.36 MHz ( period = 22.545 ns )                    ; Control:comb_270|state.AND              ; Registrador:ProgramCounter|Saida[13] ; Clk        ; Clk      ; None                        ; None                      ; 22.317 ns               ;
; N/A                                     ; 44.36 MHz ( period = 22.545 ns )                    ; Control:comb_270|state.AND              ; Registrador:ProgramCounter|Saida[16] ; Clk        ; Clk      ; None                        ; None                      ; 22.317 ns               ;
; N/A                                     ; 44.36 MHz ( period = 22.545 ns )                    ; Control:comb_270|state.AND              ; Registrador:ProgramCounter|Saida[15] ; Clk        ; Clk      ; None                        ; None                      ; 22.317 ns               ;
; N/A                                     ; 44.36 MHz ( period = 22.545 ns )                    ; Control:comb_270|state.AND              ; Registrador:ProgramCounter|Saida[24] ; Clk        ; Clk      ; None                        ; None                      ; 22.317 ns               ;
; N/A                                     ; 44.38 MHz ( period = 22.531 ns )                    ; Control:comb_270|state.AND              ; Registrador:ProgramCounter|Saida[27] ; Clk        ; Clk      ; None                        ; None                      ; 22.306 ns               ;
; N/A                                     ; 44.38 MHz ( period = 22.531 ns )                    ; Control:comb_270|state.AND              ; Registrador:ProgramCounter|Saida[22] ; Clk        ; Clk      ; None                        ; None                      ; 22.308 ns               ;
; N/A                                     ; 44.38 MHz ( period = 22.531 ns )                    ; Control:comb_270|state.AND              ; Registrador:ProgramCounter|Saida[9]  ; Clk        ; Clk      ; None                        ; None                      ; 22.308 ns               ;
; N/A                                     ; 44.38 MHz ( period = 22.531 ns )                    ; Control:comb_270|state.AND              ; Registrador:ProgramCounter|Saida[26] ; Clk        ; Clk      ; None                        ; None                      ; 22.306 ns               ;
; N/A                                     ; 44.38 MHz ( period = 22.531 ns )                    ; Control:comb_270|state.AND              ; Registrador:ProgramCounter|Saida[25] ; Clk        ; Clk      ; None                        ; None                      ; 22.308 ns               ;
; N/A                                     ; 44.38 MHz ( period = 22.531 ns )                    ; Control:comb_270|state.AND              ; Registrador:ProgramCounter|Saida[10] ; Clk        ; Clk      ; None                        ; None                      ; 22.306 ns               ;
; N/A                                     ; 44.38 MHz ( period = 22.531 ns )                    ; Control:comb_270|state.AND              ; Registrador:ProgramCounter|Saida[8]  ; Clk        ; Clk      ; None                        ; None                      ; 22.306 ns               ;
; N/A                                     ; 44.38 MHz ( period = 22.531 ns )                    ; Control:comb_270|state.AND              ; Registrador:ProgramCounter|Saida[23] ; Clk        ; Clk      ; None                        ; None                      ; 22.308 ns               ;
; N/A                                     ; 44.44 MHz ( period = 22.500 ns )                    ; Control:comb_270|state.AND              ; Registrador:ProgramCounter|Saida[20] ; Clk        ; Clk      ; None                        ; None                      ; 22.278 ns               ;
; N/A                                     ; 44.44 MHz ( period = 22.500 ns )                    ; Control:comb_270|state.AND              ; Registrador:ProgramCounter|Saida[14] ; Clk        ; Clk      ; None                        ; None                      ; 22.278 ns               ;
; N/A                                     ; 44.44 MHz ( period = 22.500 ns )                    ; Control:comb_270|state.AND              ; Registrador:ProgramCounter|Saida[21] ; Clk        ; Clk      ; None                        ; None                      ; 22.278 ns               ;
; N/A                                     ; 44.46 MHz ( period = 22.490 ns )                    ; Control:comb_270|state.AND              ; Registrador:ProgramCounter|Saida[0]  ; Clk        ; Clk      ; None                        ; None                      ; 22.274 ns               ;
; N/A                                     ; 44.46 MHz ( period = 22.490 ns )                    ; Control:comb_270|state.AND              ; Registrador:ProgramCounter|Saida[1]  ; Clk        ; Clk      ; None                        ; None                      ; 22.274 ns               ;
; N/A                                     ; 44.46 MHz ( period = 22.490 ns )                    ; Control:comb_270|state.AND              ; Registrador:ProgramCounter|Saida[17] ; Clk        ; Clk      ; None                        ; None                      ; 22.271 ns               ;
; N/A                                     ; 44.46 MHz ( period = 22.490 ns )                    ; Control:comb_270|state.AND              ; Registrador:ProgramCounter|Saida[18] ; Clk        ; Clk      ; None                        ; None                      ; 22.271 ns               ;
; N/A                                     ; 44.46 MHz ( period = 22.490 ns )                    ; Control:comb_270|state.AND              ; Registrador:ProgramCounter|Saida[19] ; Clk        ; Clk      ; None                        ; None                      ; 22.271 ns               ;
; N/A                                     ; 44.48 MHz ( period = 22.483 ns )                    ; Control:comb_270|state.AND              ; Registrador:ProgramCounter|Saida[2]  ; Clk        ; Clk      ; None                        ; None                      ; 22.261 ns               ;
; N/A                                     ; 44.48 MHz ( period = 22.483 ns )                    ; Control:comb_270|state.AND              ; Registrador:ProgramCounter|Saida[3]  ; Clk        ; Clk      ; None                        ; None                      ; 22.261 ns               ;
; N/A                                     ; 44.48 MHz ( period = 22.483 ns )                    ; Control:comb_270|state.AND              ; Registrador:ProgramCounter|Saida[4]  ; Clk        ; Clk      ; None                        ; None                      ; 22.261 ns               ;
; N/A                                     ; 44.48 MHz ( period = 22.483 ns )                    ; Control:comb_270|state.AND              ; Registrador:ProgramCounter|Saida[5]  ; Clk        ; Clk      ; None                        ; None                      ; 22.261 ns               ;
; N/A                                     ; 44.48 MHz ( period = 22.483 ns )                    ; Control:comb_270|state.AND              ; Registrador:ProgramCounter|Saida[6]  ; Clk        ; Clk      ; None                        ; None                      ; 22.261 ns               ;
; N/A                                     ; 44.48 MHz ( period = 22.483 ns )                    ; Control:comb_270|state.AND              ; Registrador:ProgramCounter|Saida[7]  ; Clk        ; Clk      ; None                        ; None                      ; 22.261 ns               ;
; N/A                                     ; 44.61 MHz ( period = 22.416 ns )                    ; Control:comb_270|state.AND              ; Registrador:ProgramCounter|Saida[30] ; Clk        ; Clk      ; None                        ; None                      ; 22.200 ns               ;
; N/A                                     ; 45.00 MHz ( period = 22.223 ns )                    ; Control:comb_270|state.XOR              ; Registrador:ProgramCounter|Saida[11] ; Clk        ; Clk      ; None                        ; None                      ; 21.995 ns               ;
; N/A                                     ; 45.00 MHz ( period = 22.223 ns )                    ; Control:comb_270|state.XOR              ; Registrador:ProgramCounter|Saida[12] ; Clk        ; Clk      ; None                        ; None                      ; 21.995 ns               ;
; N/A                                     ; 45.00 MHz ( period = 22.223 ns )                    ; Control:comb_270|state.XOR              ; Registrador:ProgramCounter|Saida[13] ; Clk        ; Clk      ; None                        ; None                      ; 21.995 ns               ;
; N/A                                     ; 45.00 MHz ( period = 22.223 ns )                    ; Control:comb_270|state.XOR              ; Registrador:ProgramCounter|Saida[16] ; Clk        ; Clk      ; None                        ; None                      ; 21.995 ns               ;
; N/A                                     ; 45.00 MHz ( period = 22.223 ns )                    ; Control:comb_270|state.XOR              ; Registrador:ProgramCounter|Saida[15] ; Clk        ; Clk      ; None                        ; None                      ; 21.995 ns               ;
; N/A                                     ; 45.00 MHz ( period = 22.223 ns )                    ; Control:comb_270|state.XOR              ; Registrador:ProgramCounter|Saida[24] ; Clk        ; Clk      ; None                        ; None                      ; 21.995 ns               ;
; N/A                                     ; 45.03 MHz ( period = 22.209 ns )                    ; Control:comb_270|state.AND              ; Registrador:ProgramCounter|Saida[28] ; Clk        ; Clk      ; None                        ; None                      ; 21.985 ns               ;
; N/A                                     ; 45.03 MHz ( period = 22.209 ns )                    ; Control:comb_270|state.XOR              ; Registrador:ProgramCounter|Saida[27] ; Clk        ; Clk      ; None                        ; None                      ; 21.984 ns               ;
; N/A                                     ; 45.03 MHz ( period = 22.209 ns )                    ; Control:comb_270|state.XOR              ; Registrador:ProgramCounter|Saida[22] ; Clk        ; Clk      ; None                        ; None                      ; 21.986 ns               ;
; N/A                                     ; 45.03 MHz ( period = 22.209 ns )                    ; Control:comb_270|state.XOR              ; Registrador:ProgramCounter|Saida[9]  ; Clk        ; Clk      ; None                        ; None                      ; 21.986 ns               ;
; N/A                                     ; 45.03 MHz ( period = 22.209 ns )                    ; Control:comb_270|state.XOR              ; Registrador:ProgramCounter|Saida[26] ; Clk        ; Clk      ; None                        ; None                      ; 21.984 ns               ;
; N/A                                     ; 45.03 MHz ( period = 22.209 ns )                    ; Control:comb_270|state.XOR              ; Registrador:ProgramCounter|Saida[25] ; Clk        ; Clk      ; None                        ; None                      ; 21.986 ns               ;
; N/A                                     ; 45.03 MHz ( period = 22.209 ns )                    ; Control:comb_270|state.XOR              ; Registrador:ProgramCounter|Saida[10] ; Clk        ; Clk      ; None                        ; None                      ; 21.984 ns               ;
; N/A                                     ; 45.03 MHz ( period = 22.209 ns )                    ; Control:comb_270|state.XOR              ; Registrador:ProgramCounter|Saida[8]  ; Clk        ; Clk      ; None                        ; None                      ; 21.984 ns               ;
; N/A                                     ; 45.03 MHz ( period = 22.209 ns )                    ; Control:comb_270|state.XOR              ; Registrador:ProgramCounter|Saida[23] ; Clk        ; Clk      ; None                        ; None                      ; 21.986 ns               ;
; N/A                                     ; 45.06 MHz ( period = 22.194 ns )                    ; Control:comb_270|state.AND              ; Registrador:ProgramCounter|Saida[29] ; Clk        ; Clk      ; None                        ; None                      ; 21.976 ns               ;
; N/A                                     ; 45.09 MHz ( period = 22.178 ns )                    ; Control:comb_270|state.XOR              ; Registrador:ProgramCounter|Saida[20] ; Clk        ; Clk      ; None                        ; None                      ; 21.956 ns               ;
; N/A                                     ; 45.09 MHz ( period = 22.178 ns )                    ; Control:comb_270|state.XOR              ; Registrador:ProgramCounter|Saida[14] ; Clk        ; Clk      ; None                        ; None                      ; 21.956 ns               ;
; N/A                                     ; 45.09 MHz ( period = 22.178 ns )                    ; Control:comb_270|state.XOR              ; Registrador:ProgramCounter|Saida[21] ; Clk        ; Clk      ; None                        ; None                      ; 21.956 ns               ;
; N/A                                     ; 45.11 MHz ( period = 22.168 ns )                    ; Control:comb_270|state.XOR              ; Registrador:ProgramCounter|Saida[0]  ; Clk        ; Clk      ; None                        ; None                      ; 21.952 ns               ;
; N/A                                     ; 45.11 MHz ( period = 22.168 ns )                    ; Control:comb_270|state.XOR              ; Registrador:ProgramCounter|Saida[1]  ; Clk        ; Clk      ; None                        ; None                      ; 21.952 ns               ;
; N/A                                     ; 45.11 MHz ( period = 22.168 ns )                    ; Control:comb_270|state.XOR              ; Registrador:ProgramCounter|Saida[17] ; Clk        ; Clk      ; None                        ; None                      ; 21.949 ns               ;
; N/A                                     ; 45.11 MHz ( period = 22.168 ns )                    ; Control:comb_270|state.XOR              ; Registrador:ProgramCounter|Saida[18] ; Clk        ; Clk      ; None                        ; None                      ; 21.949 ns               ;
; N/A                                     ; 45.11 MHz ( period = 22.168 ns )                    ; Control:comb_270|state.XOR              ; Registrador:ProgramCounter|Saida[19] ; Clk        ; Clk      ; None                        ; None                      ; 21.949 ns               ;
; N/A                                     ; 45.12 MHz ( period = 22.161 ns )                    ; Control:comb_270|state.XOR              ; Registrador:ProgramCounter|Saida[2]  ; Clk        ; Clk      ; None                        ; None                      ; 21.939 ns               ;
; N/A                                     ; 45.12 MHz ( period = 22.161 ns )                    ; Control:comb_270|state.XOR              ; Registrador:ProgramCounter|Saida[3]  ; Clk        ; Clk      ; None                        ; None                      ; 21.939 ns               ;
; N/A                                     ; 45.12 MHz ( period = 22.161 ns )                    ; Control:comb_270|state.XOR              ; Registrador:ProgramCounter|Saida[4]  ; Clk        ; Clk      ; None                        ; None                      ; 21.939 ns               ;
; N/A                                     ; 45.12 MHz ( period = 22.161 ns )                    ; Control:comb_270|state.XOR              ; Registrador:ProgramCounter|Saida[5]  ; Clk        ; Clk      ; None                        ; None                      ; 21.939 ns               ;
; N/A                                     ; 45.12 MHz ( period = 22.161 ns )                    ; Control:comb_270|state.XOR              ; Registrador:ProgramCounter|Saida[6]  ; Clk        ; Clk      ; None                        ; None                      ; 21.939 ns               ;
; N/A                                     ; 45.12 MHz ( period = 22.161 ns )                    ; Control:comb_270|state.XOR              ; Registrador:ProgramCounter|Saida[7]  ; Clk        ; Clk      ; None                        ; None                      ; 21.939 ns               ;
; N/A                                     ; 45.15 MHz ( period = 22.147 ns )                    ; Control:comb_270|state.FETCH_MEM_DELAY1 ; Registrador:ProgramCounter|Saida[11] ; Clk        ; Clk      ; None                        ; None                      ; 21.921 ns               ;
; N/A                                     ; 45.15 MHz ( period = 22.147 ns )                    ; Control:comb_270|state.FETCH_MEM_DELAY1 ; Registrador:ProgramCounter|Saida[12] ; Clk        ; Clk      ; None                        ; None                      ; 21.921 ns               ;
; N/A                                     ; 45.15 MHz ( period = 22.147 ns )                    ; Control:comb_270|state.FETCH_MEM_DELAY1 ; Registrador:ProgramCounter|Saida[13] ; Clk        ; Clk      ; None                        ; None                      ; 21.921 ns               ;
; N/A                                     ; 45.15 MHz ( period = 22.147 ns )                    ; Control:comb_270|state.FETCH_MEM_DELAY1 ; Registrador:ProgramCounter|Saida[16] ; Clk        ; Clk      ; None                        ; None                      ; 21.921 ns               ;
; N/A                                     ; 45.15 MHz ( period = 22.147 ns )                    ; Control:comb_270|state.FETCH_MEM_DELAY1 ; Registrador:ProgramCounter|Saida[15] ; Clk        ; Clk      ; None                        ; None                      ; 21.921 ns               ;
; N/A                                     ; 45.15 MHz ( period = 22.147 ns )                    ; Control:comb_270|state.FETCH_MEM_DELAY1 ; Registrador:ProgramCounter|Saida[24] ; Clk        ; Clk      ; None                        ; None                      ; 21.921 ns               ;
; N/A                                     ; 45.18 MHz ( period = 22.133 ns )                    ; Control:comb_270|state.FETCH_MEM_DELAY1 ; Registrador:ProgramCounter|Saida[27] ; Clk        ; Clk      ; None                        ; None                      ; 21.910 ns               ;
; N/A                                     ; 45.18 MHz ( period = 22.133 ns )                    ; Control:comb_270|state.FETCH_MEM_DELAY1 ; Registrador:ProgramCounter|Saida[22] ; Clk        ; Clk      ; None                        ; None                      ; 21.912 ns               ;
; N/A                                     ; 45.18 MHz ( period = 22.133 ns )                    ; Control:comb_270|state.FETCH_MEM_DELAY1 ; Registrador:ProgramCounter|Saida[9]  ; Clk        ; Clk      ; None                        ; None                      ; 21.912 ns               ;
; N/A                                     ; 45.18 MHz ( period = 22.133 ns )                    ; Control:comb_270|state.FETCH_MEM_DELAY1 ; Registrador:ProgramCounter|Saida[26] ; Clk        ; Clk      ; None                        ; None                      ; 21.910 ns               ;
; N/A                                     ; 45.18 MHz ( period = 22.133 ns )                    ; Control:comb_270|state.FETCH_MEM_DELAY1 ; Registrador:ProgramCounter|Saida[25] ; Clk        ; Clk      ; None                        ; None                      ; 21.912 ns               ;
; N/A                                     ; 45.18 MHz ( period = 22.133 ns )                    ; Control:comb_270|state.FETCH_MEM_DELAY1 ; Registrador:ProgramCounter|Saida[10] ; Clk        ; Clk      ; None                        ; None                      ; 21.910 ns               ;
; N/A                                     ; 45.18 MHz ( period = 22.133 ns )                    ; Control:comb_270|state.FETCH_MEM_DELAY1 ; Registrador:ProgramCounter|Saida[8]  ; Clk        ; Clk      ; None                        ; None                      ; 21.910 ns               ;
; N/A                                     ; 45.18 MHz ( period = 22.133 ns )                    ; Control:comb_270|state.FETCH_MEM_DELAY1 ; Registrador:ProgramCounter|Saida[23] ; Clk        ; Clk      ; None                        ; None                      ; 21.912 ns               ;
; N/A                                     ; 45.24 MHz ( period = 22.102 ns )                    ; Control:comb_270|state.FETCH_MEM_DELAY1 ; Registrador:ProgramCounter|Saida[20] ; Clk        ; Clk      ; None                        ; None                      ; 21.882 ns               ;
; N/A                                     ; 45.24 MHz ( period = 22.102 ns )                    ; Control:comb_270|state.FETCH_MEM_DELAY1 ; Registrador:ProgramCounter|Saida[14] ; Clk        ; Clk      ; None                        ; None                      ; 21.882 ns               ;
; N/A                                     ; 45.24 MHz ( period = 22.102 ns )                    ; Control:comb_270|state.FETCH_MEM_DELAY1 ; Registrador:ProgramCounter|Saida[21] ; Clk        ; Clk      ; None                        ; None                      ; 21.882 ns               ;
; N/A                                     ; 45.26 MHz ( period = 22.094 ns )                    ; Control:comb_270|state.XOR              ; Registrador:ProgramCounter|Saida[30] ; Clk        ; Clk      ; None                        ; None                      ; 21.878 ns               ;
; N/A                                     ; 45.27 MHz ( period = 22.092 ns )                    ; Control:comb_270|state.FETCH_MEM_DELAY1 ; Registrador:ProgramCounter|Saida[0]  ; Clk        ; Clk      ; None                        ; None                      ; 21.878 ns               ;
; N/A                                     ; 45.27 MHz ( period = 22.092 ns )                    ; Control:comb_270|state.FETCH_MEM_DELAY1 ; Registrador:ProgramCounter|Saida[1]  ; Clk        ; Clk      ; None                        ; None                      ; 21.878 ns               ;
; N/A                                     ; 45.27 MHz ( period = 22.092 ns )                    ; Control:comb_270|state.FETCH_MEM_DELAY1 ; Registrador:ProgramCounter|Saida[17] ; Clk        ; Clk      ; None                        ; None                      ; 21.875 ns               ;
; N/A                                     ; 45.27 MHz ( period = 22.092 ns )                    ; Control:comb_270|state.FETCH_MEM_DELAY1 ; Registrador:ProgramCounter|Saida[18] ; Clk        ; Clk      ; None                        ; None                      ; 21.875 ns               ;
; N/A                                     ; 45.27 MHz ( period = 22.092 ns )                    ; Control:comb_270|state.FETCH_MEM_DELAY1 ; Registrador:ProgramCounter|Saida[19] ; Clk        ; Clk      ; None                        ; None                      ; 21.875 ns               ;
; N/A                                     ; 45.28 MHz ( period = 22.085 ns )                    ; Control:comb_270|state.FETCH_MEM_DELAY1 ; Registrador:ProgramCounter|Saida[2]  ; Clk        ; Clk      ; None                        ; None                      ; 21.865 ns               ;
; N/A                                     ; 45.28 MHz ( period = 22.085 ns )                    ; Control:comb_270|state.FETCH_MEM_DELAY1 ; Registrador:ProgramCounter|Saida[3]  ; Clk        ; Clk      ; None                        ; None                      ; 21.865 ns               ;
; N/A                                     ; 45.28 MHz ( period = 22.085 ns )                    ; Control:comb_270|state.FETCH_MEM_DELAY1 ; Registrador:ProgramCounter|Saida[4]  ; Clk        ; Clk      ; None                        ; None                      ; 21.865 ns               ;
; N/A                                     ; 45.28 MHz ( period = 22.085 ns )                    ; Control:comb_270|state.FETCH_MEM_DELAY1 ; Registrador:ProgramCounter|Saida[5]  ; Clk        ; Clk      ; None                        ; None                      ; 21.865 ns               ;
; N/A                                     ; 45.28 MHz ( period = 22.085 ns )                    ; Control:comb_270|state.FETCH_MEM_DELAY1 ; Registrador:ProgramCounter|Saida[6]  ; Clk        ; Clk      ; None                        ; None                      ; 21.865 ns               ;
; N/A                                     ; 45.28 MHz ( period = 22.085 ns )                    ; Control:comb_270|state.FETCH_MEM_DELAY1 ; Registrador:ProgramCounter|Saida[7]  ; Clk        ; Clk      ; None                        ; None                      ; 21.865 ns               ;
; N/A                                     ; 45.30 MHz ( period = 22.076 ns )                    ; Control:comb_270|state.SUB              ; Registrador:ProgramCounter|Saida[11] ; Clk        ; Clk      ; None                        ; None                      ; 21.848 ns               ;
; N/A                                     ; 45.30 MHz ( period = 22.076 ns )                    ; Control:comb_270|state.SUB              ; Registrador:ProgramCounter|Saida[12] ; Clk        ; Clk      ; None                        ; None                      ; 21.848 ns               ;
; N/A                                     ; 45.30 MHz ( period = 22.076 ns )                    ; Control:comb_270|state.SUB              ; Registrador:ProgramCounter|Saida[13] ; Clk        ; Clk      ; None                        ; None                      ; 21.848 ns               ;
; N/A                                     ; 45.30 MHz ( period = 22.076 ns )                    ; Control:comb_270|state.SUB              ; Registrador:ProgramCounter|Saida[16] ; Clk        ; Clk      ; None                        ; None                      ; 21.848 ns               ;
; N/A                                     ; 45.30 MHz ( period = 22.076 ns )                    ; Control:comb_270|state.SUB              ; Registrador:ProgramCounter|Saida[15] ; Clk        ; Clk      ; None                        ; None                      ; 21.848 ns               ;
; N/A                                     ; 45.30 MHz ( period = 22.076 ns )                    ; Control:comb_270|state.SUB              ; Registrador:ProgramCounter|Saida[24] ; Clk        ; Clk      ; None                        ; None                      ; 21.848 ns               ;
; N/A                                     ; 45.33 MHz ( period = 22.062 ns )                    ; Control:comb_270|state.SUB              ; Registrador:ProgramCounter|Saida[27] ; Clk        ; Clk      ; None                        ; None                      ; 21.837 ns               ;
; N/A                                     ; 45.33 MHz ( period = 22.062 ns )                    ; Control:comb_270|state.SUB              ; Registrador:ProgramCounter|Saida[22] ; Clk        ; Clk      ; None                        ; None                      ; 21.839 ns               ;
; N/A                                     ; 45.33 MHz ( period = 22.062 ns )                    ; Control:comb_270|state.SUB              ; Registrador:ProgramCounter|Saida[9]  ; Clk        ; Clk      ; None                        ; None                      ; 21.839 ns               ;
; N/A                                     ; 45.33 MHz ( period = 22.062 ns )                    ; Control:comb_270|state.SUB              ; Registrador:ProgramCounter|Saida[26] ; Clk        ; Clk      ; None                        ; None                      ; 21.837 ns               ;
; N/A                                     ; 45.33 MHz ( period = 22.062 ns )                    ; Control:comb_270|state.SUB              ; Registrador:ProgramCounter|Saida[25] ; Clk        ; Clk      ; None                        ; None                      ; 21.839 ns               ;
; N/A                                     ; 45.33 MHz ( period = 22.062 ns )                    ; Control:comb_270|state.SUB              ; Registrador:ProgramCounter|Saida[10] ; Clk        ; Clk      ; None                        ; None                      ; 21.837 ns               ;
; N/A                                     ; 45.33 MHz ( period = 22.062 ns )                    ; Control:comb_270|state.SUB              ; Registrador:ProgramCounter|Saida[8]  ; Clk        ; Clk      ; None                        ; None                      ; 21.837 ns               ;
; N/A                                     ; 45.33 MHz ( period = 22.062 ns )                    ; Control:comb_270|state.SUB              ; Registrador:ProgramCounter|Saida[23] ; Clk        ; Clk      ; None                        ; None                      ; 21.839 ns               ;
; N/A                                     ; 45.39 MHz ( period = 22.031 ns )                    ; Control:comb_270|state.SUB              ; Registrador:ProgramCounter|Saida[20] ; Clk        ; Clk      ; None                        ; None                      ; 21.809 ns               ;
; N/A                                     ; 45.39 MHz ( period = 22.031 ns )                    ; Control:comb_270|state.SUB              ; Registrador:ProgramCounter|Saida[14] ; Clk        ; Clk      ; None                        ; None                      ; 21.809 ns               ;
; N/A                                     ; 45.39 MHz ( period = 22.031 ns )                    ; Control:comb_270|state.SUB              ; Registrador:ProgramCounter|Saida[21] ; Clk        ; Clk      ; None                        ; None                      ; 21.809 ns               ;
; N/A                                     ; 45.41 MHz ( period = 22.021 ns )                    ; Control:comb_270|state.SUB              ; Registrador:ProgramCounter|Saida[0]  ; Clk        ; Clk      ; None                        ; None                      ; 21.805 ns               ;
; N/A                                     ; 45.41 MHz ( period = 22.021 ns )                    ; Control:comb_270|state.SUB              ; Registrador:ProgramCounter|Saida[1]  ; Clk        ; Clk      ; None                        ; None                      ; 21.805 ns               ;
; N/A                                     ; 45.41 MHz ( period = 22.021 ns )                    ; Control:comb_270|state.SUB              ; Registrador:ProgramCounter|Saida[17] ; Clk        ; Clk      ; None                        ; None                      ; 21.802 ns               ;
; N/A                                     ; 45.41 MHz ( period = 22.021 ns )                    ; Control:comb_270|state.SUB              ; Registrador:ProgramCounter|Saida[18] ; Clk        ; Clk      ; None                        ; None                      ; 21.802 ns               ;
; N/A                                     ; 45.41 MHz ( period = 22.021 ns )                    ; Control:comb_270|state.SUB              ; Registrador:ProgramCounter|Saida[19] ; Clk        ; Clk      ; None                        ; None                      ; 21.802 ns               ;
; N/A                                     ; 45.42 MHz ( period = 22.018 ns )                    ; Control:comb_270|state.FETCH_MEM_DELAY1 ; Registrador:ProgramCounter|Saida[30] ; Clk        ; Clk      ; None                        ; None                      ; 21.804 ns               ;
; N/A                                     ; 45.43 MHz ( period = 22.014 ns )                    ; Control:comb_270|state.SUB              ; Registrador:ProgramCounter|Saida[2]  ; Clk        ; Clk      ; None                        ; None                      ; 21.792 ns               ;
; N/A                                     ; 45.43 MHz ( period = 22.014 ns )                    ; Control:comb_270|state.SUB              ; Registrador:ProgramCounter|Saida[3]  ; Clk        ; Clk      ; None                        ; None                      ; 21.792 ns               ;
; N/A                                     ; 45.43 MHz ( period = 22.014 ns )                    ; Control:comb_270|state.SUB              ; Registrador:ProgramCounter|Saida[4]  ; Clk        ; Clk      ; None                        ; None                      ; 21.792 ns               ;
; N/A                                     ; 45.43 MHz ( period = 22.014 ns )                    ; Control:comb_270|state.SUB              ; Registrador:ProgramCounter|Saida[5]  ; Clk        ; Clk      ; None                        ; None                      ; 21.792 ns               ;
; N/A                                     ; 45.43 MHz ( period = 22.014 ns )                    ; Control:comb_270|state.SUB              ; Registrador:ProgramCounter|Saida[6]  ; Clk        ; Clk      ; None                        ; None                      ; 21.792 ns               ;
; N/A                                     ; 45.43 MHz ( period = 22.014 ns )                    ; Control:comb_270|state.SUB              ; Registrador:ProgramCounter|Saida[7]  ; Clk        ; Clk      ; None                        ; None                      ; 21.792 ns               ;
; N/A                                     ; 45.44 MHz ( period = 22.009 ns )                    ; Control:comb_270|state.AND              ; Registrador:ProgramCounter|Saida[31] ; Clk        ; Clk      ; None                        ; None                      ; 21.788 ns               ;
; N/A                                     ; 45.44 MHz ( period = 22.009 ns )                    ; Control:comb_270|state.ADD              ; Registrador:ProgramCounter|Saida[11] ; Clk        ; Clk      ; None                        ; None                      ; 21.781 ns               ;
; N/A                                     ; 45.44 MHz ( period = 22.009 ns )                    ; Control:comb_270|state.ADD              ; Registrador:ProgramCounter|Saida[12] ; Clk        ; Clk      ; None                        ; None                      ; 21.781 ns               ;
; N/A                                     ; 45.44 MHz ( period = 22.009 ns )                    ; Control:comb_270|state.ADD              ; Registrador:ProgramCounter|Saida[13] ; Clk        ; Clk      ; None                        ; None                      ; 21.781 ns               ;
; N/A                                     ; 45.44 MHz ( period = 22.009 ns )                    ; Control:comb_270|state.ADD              ; Registrador:ProgramCounter|Saida[16] ; Clk        ; Clk      ; None                        ; None                      ; 21.781 ns               ;
; N/A                                     ; 45.44 MHz ( period = 22.009 ns )                    ; Control:comb_270|state.ADD              ; Registrador:ProgramCounter|Saida[15] ; Clk        ; Clk      ; None                        ; None                      ; 21.781 ns               ;
; N/A                                     ; 45.44 MHz ( period = 22.009 ns )                    ; Control:comb_270|state.ADD              ; Registrador:ProgramCounter|Saida[24] ; Clk        ; Clk      ; None                        ; None                      ; 21.781 ns               ;
; N/A                                     ; 45.46 MHz ( period = 21.995 ns )                    ; Control:comb_270|state.ADD              ; Registrador:ProgramCounter|Saida[27] ; Clk        ; Clk      ; None                        ; None                      ; 21.770 ns               ;
; N/A                                     ; 45.46 MHz ( period = 21.995 ns )                    ; Control:comb_270|state.ADD              ; Registrador:ProgramCounter|Saida[22] ; Clk        ; Clk      ; None                        ; None                      ; 21.772 ns               ;
; N/A                                     ; 45.46 MHz ( period = 21.995 ns )                    ; Control:comb_270|state.ADD              ; Registrador:ProgramCounter|Saida[9]  ; Clk        ; Clk      ; None                        ; None                      ; 21.772 ns               ;
; N/A                                     ; 45.46 MHz ( period = 21.995 ns )                    ; Control:comb_270|state.ADD              ; Registrador:ProgramCounter|Saida[26] ; Clk        ; Clk      ; None                        ; None                      ; 21.770 ns               ;
; N/A                                     ; 45.46 MHz ( period = 21.995 ns )                    ; Control:comb_270|state.ADD              ; Registrador:ProgramCounter|Saida[25] ; Clk        ; Clk      ; None                        ; None                      ; 21.772 ns               ;
; N/A                                     ; 45.46 MHz ( period = 21.995 ns )                    ; Control:comb_270|state.ADD              ; Registrador:ProgramCounter|Saida[10] ; Clk        ; Clk      ; None                        ; None                      ; 21.770 ns               ;
; N/A                                     ; 45.46 MHz ( period = 21.995 ns )                    ; Control:comb_270|state.ADD              ; Registrador:ProgramCounter|Saida[8]  ; Clk        ; Clk      ; None                        ; None                      ; 21.770 ns               ;
; N/A                                     ; 45.46 MHz ( period = 21.995 ns )                    ; Control:comb_270|state.ADD              ; Registrador:ProgramCounter|Saida[23] ; Clk        ; Clk      ; None                        ; None                      ; 21.772 ns               ;
; N/A                                     ; 45.53 MHz ( period = 21.964 ns )                    ; Control:comb_270|state.ADD              ; Registrador:ProgramCounter|Saida[20] ; Clk        ; Clk      ; None                        ; None                      ; 21.742 ns               ;
; N/A                                     ; 45.53 MHz ( period = 21.964 ns )                    ; Control:comb_270|state.ADD              ; Registrador:ProgramCounter|Saida[14] ; Clk        ; Clk      ; None                        ; None                      ; 21.742 ns               ;
; N/A                                     ; 45.53 MHz ( period = 21.964 ns )                    ; Control:comb_270|state.ADD              ; Registrador:ProgramCounter|Saida[21] ; Clk        ; Clk      ; None                        ; None                      ; 21.742 ns               ;
; N/A                                     ; 45.55 MHz ( period = 21.954 ns )                    ; Control:comb_270|state.ADD              ; Registrador:ProgramCounter|Saida[0]  ; Clk        ; Clk      ; None                        ; None                      ; 21.738 ns               ;
; N/A                                     ; 45.55 MHz ( period = 21.954 ns )                    ; Control:comb_270|state.ADD              ; Registrador:ProgramCounter|Saida[1]  ; Clk        ; Clk      ; None                        ; None                      ; 21.738 ns               ;
; N/A                                     ; 45.55 MHz ( period = 21.954 ns )                    ; Control:comb_270|state.ADD              ; Registrador:ProgramCounter|Saida[17] ; Clk        ; Clk      ; None                        ; None                      ; 21.735 ns               ;
; N/A                                     ; 45.55 MHz ( period = 21.954 ns )                    ; Control:comb_270|state.ADD              ; Registrador:ProgramCounter|Saida[18] ; Clk        ; Clk      ; None                        ; None                      ; 21.735 ns               ;
; N/A                                     ; 45.55 MHz ( period = 21.954 ns )                    ; Control:comb_270|state.ADD              ; Registrador:ProgramCounter|Saida[19] ; Clk        ; Clk      ; None                        ; None                      ; 21.735 ns               ;
; N/A                                     ; 45.56 MHz ( period = 21.947 ns )                    ; Control:comb_270|state.ADD              ; Registrador:ProgramCounter|Saida[2]  ; Clk        ; Clk      ; None                        ; None                      ; 21.725 ns               ;
; N/A                                     ; 45.56 MHz ( period = 21.947 ns )                    ; Control:comb_270|state.ADD              ; Registrador:ProgramCounter|Saida[3]  ; Clk        ; Clk      ; None                        ; None                      ; 21.725 ns               ;
; N/A                                     ; 45.56 MHz ( period = 21.947 ns )                    ; Control:comb_270|state.ADD              ; Registrador:ProgramCounter|Saida[4]  ; Clk        ; Clk      ; None                        ; None                      ; 21.725 ns               ;
; N/A                                     ; 45.56 MHz ( period = 21.947 ns )                    ; Control:comb_270|state.ADD              ; Registrador:ProgramCounter|Saida[5]  ; Clk        ; Clk      ; None                        ; None                      ; 21.725 ns               ;
; N/A                                     ; 45.56 MHz ( period = 21.947 ns )                    ; Control:comb_270|state.ADD              ; Registrador:ProgramCounter|Saida[6]  ; Clk        ; Clk      ; None                        ; None                      ; 21.725 ns               ;
; N/A                                     ; 45.56 MHz ( period = 21.947 ns )                    ; Control:comb_270|state.ADD              ; Registrador:ProgramCounter|Saida[7]  ; Clk        ; Clk      ; None                        ; None                      ; 21.725 ns               ;
; N/A                                     ; 45.56 MHz ( period = 21.947 ns )                    ; Control:comb_270|state.SUB              ; Registrador:ProgramCounter|Saida[30] ; Clk        ; Clk      ; None                        ; None                      ; 21.731 ns               ;
; N/A                                     ; 45.60 MHz ( period = 21.928 ns )                    ; Control:comb_270|state.SW_ADDRESS_COMP  ; Registrador:ProgramCounter|Saida[11] ; Clk        ; Clk      ; None                        ; None                      ; 21.704 ns               ;
; N/A                                     ; 45.60 MHz ( period = 21.928 ns )                    ; Control:comb_270|state.SW_ADDRESS_COMP  ; Registrador:ProgramCounter|Saida[12] ; Clk        ; Clk      ; None                        ; None                      ; 21.704 ns               ;
; N/A                                     ; 45.60 MHz ( period = 21.928 ns )                    ; Control:comb_270|state.SW_ADDRESS_COMP  ; Registrador:ProgramCounter|Saida[13] ; Clk        ; Clk      ; None                        ; None                      ; 21.704 ns               ;
; N/A                                     ; 45.60 MHz ( period = 21.928 ns )                    ; Control:comb_270|state.SW_ADDRESS_COMP  ; Registrador:ProgramCounter|Saida[16] ; Clk        ; Clk      ; None                        ; None                      ; 21.704 ns               ;
; N/A                                     ; 45.60 MHz ( period = 21.928 ns )                    ; Control:comb_270|state.SW_ADDRESS_COMP  ; Registrador:ProgramCounter|Saida[15] ; Clk        ; Clk      ; None                        ; None                      ; 21.704 ns               ;
; N/A                                     ; 45.60 MHz ( period = 21.928 ns )                    ; Control:comb_270|state.SW_ADDRESS_COMP  ; Registrador:ProgramCounter|Saida[24] ; Clk        ; Clk      ; None                        ; None                      ; 21.704 ns               ;
; N/A                                     ; 45.63 MHz ( period = 21.914 ns )                    ; Control:comb_270|state.SW_ADDRESS_COMP  ; Registrador:ProgramCounter|Saida[27] ; Clk        ; Clk      ; None                        ; None                      ; 21.693 ns               ;
; N/A                                     ; 45.63 MHz ( period = 21.914 ns )                    ; Control:comb_270|state.SW_ADDRESS_COMP  ; Registrador:ProgramCounter|Saida[22] ; Clk        ; Clk      ; None                        ; None                      ; 21.695 ns               ;
; N/A                                     ; 45.63 MHz ( period = 21.914 ns )                    ; Control:comb_270|state.SW_ADDRESS_COMP  ; Registrador:ProgramCounter|Saida[9]  ; Clk        ; Clk      ; None                        ; None                      ; 21.695 ns               ;
; N/A                                     ; 45.63 MHz ( period = 21.914 ns )                    ; Control:comb_270|state.SW_ADDRESS_COMP  ; Registrador:ProgramCounter|Saida[26] ; Clk        ; Clk      ; None                        ; None                      ; 21.693 ns               ;
; N/A                                     ; 45.63 MHz ( period = 21.914 ns )                    ; Control:comb_270|state.SW_ADDRESS_COMP  ; Registrador:ProgramCounter|Saida[25] ; Clk        ; Clk      ; None                        ; None                      ; 21.695 ns               ;
; N/A                                     ; 45.63 MHz ( period = 21.914 ns )                    ; Control:comb_270|state.SW_ADDRESS_COMP  ; Registrador:ProgramCounter|Saida[10] ; Clk        ; Clk      ; None                        ; None                      ; 21.693 ns               ;
; N/A                                     ; 45.63 MHz ( period = 21.914 ns )                    ; Control:comb_270|state.SW_ADDRESS_COMP  ; Registrador:ProgramCounter|Saida[8]  ; Clk        ; Clk      ; None                        ; None                      ; 21.693 ns               ;
; N/A                                     ; 45.63 MHz ( period = 21.914 ns )                    ; Control:comb_270|state.SW_ADDRESS_COMP  ; Registrador:ProgramCounter|Saida[23] ; Clk        ; Clk      ; None                        ; None                      ; 21.695 ns               ;
; N/A                                     ; 45.69 MHz ( period = 21.887 ns )                    ; Control:comb_270|state.XOR              ; Registrador:ProgramCounter|Saida[28] ; Clk        ; Clk      ; None                        ; None                      ; 21.663 ns               ;
; N/A                                     ; 45.70 MHz ( period = 21.883 ns )                    ; Control:comb_270|state.SW_ADDRESS_COMP  ; Registrador:ProgramCounter|Saida[20] ; Clk        ; Clk      ; None                        ; None                      ; 21.665 ns               ;
; N/A                                     ; 45.70 MHz ( period = 21.883 ns )                    ; Control:comb_270|state.SW_ADDRESS_COMP  ; Registrador:ProgramCounter|Saida[14] ; Clk        ; Clk      ; None                        ; None                      ; 21.665 ns               ;
; N/A                                     ; 45.70 MHz ( period = 21.883 ns )                    ; Control:comb_270|state.SW_ADDRESS_COMP  ; Registrador:ProgramCounter|Saida[21] ; Clk        ; Clk      ; None                        ; None                      ; 21.665 ns               ;
; N/A                                     ; 45.70 MHz ( period = 21.880 ns )                    ; Control:comb_270|state.ADD              ; Registrador:ProgramCounter|Saida[30] ; Clk        ; Clk      ; None                        ; None                      ; 21.664 ns               ;
; N/A                                     ; 45.72 MHz ( period = 21.873 ns )                    ; Control:comb_270|state.SW_ADDRESS_COMP  ; Registrador:ProgramCounter|Saida[0]  ; Clk        ; Clk      ; None                        ; None                      ; 21.661 ns               ;
; N/A                                     ; 45.72 MHz ( period = 21.873 ns )                    ; Control:comb_270|state.SW_ADDRESS_COMP  ; Registrador:ProgramCounter|Saida[1]  ; Clk        ; Clk      ; None                        ; None                      ; 21.661 ns               ;
; N/A                                     ; 45.72 MHz ( period = 21.873 ns )                    ; Control:comb_270|state.SW_ADDRESS_COMP  ; Registrador:ProgramCounter|Saida[17] ; Clk        ; Clk      ; None                        ; None                      ; 21.658 ns               ;
; N/A                                     ; 45.72 MHz ( period = 21.873 ns )                    ; Control:comb_270|state.SW_ADDRESS_COMP  ; Registrador:ProgramCounter|Saida[18] ; Clk        ; Clk      ; None                        ; None                      ; 21.658 ns               ;
; N/A                                     ; 45.72 MHz ( period = 21.873 ns )                    ; Control:comb_270|state.SW_ADDRESS_COMP  ; Registrador:ProgramCounter|Saida[19] ; Clk        ; Clk      ; None                        ; None                      ; 21.658 ns               ;
; N/A                                     ; 45.72 MHz ( period = 21.872 ns )                    ; Control:comb_270|state.XOR              ; Registrador:ProgramCounter|Saida[29] ; Clk        ; Clk      ; None                        ; None                      ; 21.654 ns               ;
; N/A                                     ; 45.73 MHz ( period = 21.866 ns )                    ; Control:comb_270|state.SW_ADDRESS_COMP  ; Registrador:ProgramCounter|Saida[2]  ; Clk        ; Clk      ; None                        ; None                      ; 21.648 ns               ;
; N/A                                     ; 45.73 MHz ( period = 21.866 ns )                    ; Control:comb_270|state.SW_ADDRESS_COMP  ; Registrador:ProgramCounter|Saida[3]  ; Clk        ; Clk      ; None                        ; None                      ; 21.648 ns               ;
; N/A                                     ; 45.73 MHz ( period = 21.866 ns )                    ; Control:comb_270|state.SW_ADDRESS_COMP  ; Registrador:ProgramCounter|Saida[4]  ; Clk        ; Clk      ; None                        ; None                      ; 21.648 ns               ;
; N/A                                     ; 45.73 MHz ( period = 21.866 ns )                    ; Control:comb_270|state.SW_ADDRESS_COMP  ; Registrador:ProgramCounter|Saida[5]  ; Clk        ; Clk      ; None                        ; None                      ; 21.648 ns               ;
; N/A                                     ; 45.73 MHz ( period = 21.866 ns )                    ; Control:comb_270|state.SW_ADDRESS_COMP  ; Registrador:ProgramCounter|Saida[6]  ; Clk        ; Clk      ; None                        ; None                      ; 21.648 ns               ;
; N/A                                     ; 45.73 MHz ( period = 21.866 ns )                    ; Control:comb_270|state.SW_ADDRESS_COMP  ; Registrador:ProgramCounter|Saida[7]  ; Clk        ; Clk      ; None                        ; None                      ; 21.648 ns               ;
; N/A                                     ; 45.85 MHz ( period = 21.811 ns )                    ; Control:comb_270|state.FETCH_MEM_DELAY1 ; Registrador:ProgramCounter|Saida[28] ; Clk        ; Clk      ; None                        ; None                      ; 21.589 ns               ;
; N/A                                     ; 45.87 MHz ( period = 21.799 ns )                    ; Control:comb_270|state.SW_ADDRESS_COMP  ; Registrador:ProgramCounter|Saida[30] ; Clk        ; Clk      ; None                        ; None                      ; 21.587 ns               ;
; N/A                                     ; 45.87 MHz ( period = 21.799 ns )                    ; Control:comb_270|state.BNE              ; Registrador:ProgramCounter|Saida[11] ; Clk        ; Clk      ; None                        ; None                      ; 21.571 ns               ;
; N/A                                     ; 45.87 MHz ( period = 21.799 ns )                    ; Control:comb_270|state.BNE              ; Registrador:ProgramCounter|Saida[12] ; Clk        ; Clk      ; None                        ; None                      ; 21.571 ns               ;
; N/A                                     ; 45.87 MHz ( period = 21.799 ns )                    ; Control:comb_270|state.BNE              ; Registrador:ProgramCounter|Saida[13] ; Clk        ; Clk      ; None                        ; None                      ; 21.571 ns               ;
; N/A                                     ; 45.87 MHz ( period = 21.799 ns )                    ; Control:comb_270|state.BNE              ; Registrador:ProgramCounter|Saida[16] ; Clk        ; Clk      ; None                        ; None                      ; 21.571 ns               ;
; N/A                                     ; 45.87 MHz ( period = 21.799 ns )                    ; Control:comb_270|state.BNE              ; Registrador:ProgramCounter|Saida[15] ; Clk        ; Clk      ; None                        ; None                      ; 21.571 ns               ;
; N/A                                     ; 45.87 MHz ( period = 21.799 ns )                    ; Control:comb_270|state.BNE              ; Registrador:ProgramCounter|Saida[24] ; Clk        ; Clk      ; None                        ; None                      ; 21.571 ns               ;
; N/A                                     ; 45.88 MHz ( period = 21.796 ns )                    ; Control:comb_270|state.FETCH_MEM_DELAY1 ; Registrador:ProgramCounter|Saida[29] ; Clk        ; Clk      ; None                        ; None                      ; 21.580 ns               ;
; N/A                                     ; 45.90 MHz ( period = 21.785 ns )                    ; Control:comb_270|state.BNE              ; Registrador:ProgramCounter|Saida[27] ; Clk        ; Clk      ; None                        ; None                      ; 21.560 ns               ;
; N/A                                     ; 45.90 MHz ( period = 21.785 ns )                    ; Control:comb_270|state.BNE              ; Registrador:ProgramCounter|Saida[22] ; Clk        ; Clk      ; None                        ; None                      ; 21.562 ns               ;
; N/A                                     ; 45.90 MHz ( period = 21.785 ns )                    ; Control:comb_270|state.BNE              ; Registrador:ProgramCounter|Saida[9]  ; Clk        ; Clk      ; None                        ; None                      ; 21.562 ns               ;
; N/A                                     ; 45.90 MHz ( period = 21.785 ns )                    ; Control:comb_270|state.BNE              ; Registrador:ProgramCounter|Saida[26] ; Clk        ; Clk      ; None                        ; None                      ; 21.560 ns               ;
; N/A                                     ; 45.90 MHz ( period = 21.785 ns )                    ; Control:comb_270|state.BNE              ; Registrador:ProgramCounter|Saida[25] ; Clk        ; Clk      ; None                        ; None                      ; 21.562 ns               ;
; N/A                                     ; 45.90 MHz ( period = 21.785 ns )                    ; Control:comb_270|state.BNE              ; Registrador:ProgramCounter|Saida[10] ; Clk        ; Clk      ; None                        ; None                      ; 21.560 ns               ;
; N/A                                     ; 45.90 MHz ( period = 21.785 ns )                    ; Control:comb_270|state.BNE              ; Registrador:ProgramCounter|Saida[8]  ; Clk        ; Clk      ; None                        ; None                      ; 21.560 ns               ;
; N/A                                     ; 45.90 MHz ( period = 21.785 ns )                    ; Control:comb_270|state.BNE              ; Registrador:ProgramCounter|Saida[23] ; Clk        ; Clk      ; None                        ; None                      ; 21.562 ns               ;
; N/A                                     ; 45.93 MHz ( period = 21.770 ns )                    ; Control:comb_270|state.BEQ              ; Registrador:ProgramCounter|Saida[11] ; Clk        ; Clk      ; None                        ; None                      ; 21.542 ns               ;
; N/A                                     ; 45.93 MHz ( period = 21.770 ns )                    ; Control:comb_270|state.BEQ              ; Registrador:ProgramCounter|Saida[12] ; Clk        ; Clk      ; None                        ; None                      ; 21.542 ns               ;
; N/A                                     ; 45.93 MHz ( period = 21.770 ns )                    ; Control:comb_270|state.BEQ              ; Registrador:ProgramCounter|Saida[13] ; Clk        ; Clk      ; None                        ; None                      ; 21.542 ns               ;
; N/A                                     ; 45.93 MHz ( period = 21.770 ns )                    ; Control:comb_270|state.BEQ              ; Registrador:ProgramCounter|Saida[16] ; Clk        ; Clk      ; None                        ; None                      ; 21.542 ns               ;
; N/A                                     ; 45.93 MHz ( period = 21.770 ns )                    ; Control:comb_270|state.BEQ              ; Registrador:ProgramCounter|Saida[15] ; Clk        ; Clk      ; None                        ; None                      ; 21.542 ns               ;
; Timing analysis restricted to 200 rows. ; To change the limit use Settings (Assignments menu) ;                                         ;                                      ;            ;          ;                             ;                           ;                         ;
+-----------------------------------------+-----------------------------------------------------+-----------------------------------------+--------------------------------------+------------+----------+-----------------------------+---------------------------+-------------------------+


+------------------------------------------------------------------------------------------------------+
; tco                                                                                                  ;
+-------+--------------+------------+-----------------------------------------+-----------+------------+
; Slack ; Required tco ; Actual tco ; From                                    ; To        ; From Clock ;
+-------+--------------+------------+-----------------------------------------+-----------+------------+
; N/A   ; None         ; 12.903 ns  ; Control:comb_270|state.BEQ              ; Estado[1] ; Clk        ;
; N/A   ; None         ; 12.759 ns  ; Control:comb_270|state.LUI              ; Estado[1] ; Clk        ;
; N/A   ; None         ; 12.531 ns  ; Control:comb_270|state.R_WAIT           ; Estado[1] ; Clk        ;
; N/A   ; None         ; 12.511 ns  ; Control:comb_270|state.BNE              ; Estado[1] ; Clk        ;
; N/A   ; None         ; 12.382 ns  ; Control:comb_270|state.BREAK            ; Estado[1] ; Clk        ;
; N/A   ; None         ; 12.334 ns  ; Control:comb_270|state.FETCH            ; Estado[1] ; Clk        ;
; N/A   ; None         ; 12.095 ns  ; Control:comb_270|state.SW_ADDRESS_COMP  ; Estado[1] ; Clk        ;
; N/A   ; None         ; 11.901 ns  ; Control:comb_270|state.J                ; Estado[1] ; Clk        ;
; N/A   ; None         ; 11.773 ns  ; Control:comb_270|state.AND              ; Estado[2] ; Clk        ;
; N/A   ; None         ; 11.549 ns  ; Control:comb_270|state.WRITE_BACK       ; Estado[1] ; Clk        ;
; N/A   ; None         ; 11.450 ns  ; Control:comb_270|state.FETCH_MEM_DELAY1 ; Estado[1] ; Clk        ;
; N/A   ; None         ; 11.237 ns  ; Control:comb_270|state.ADD              ; Estado[2] ; Clk        ;
; N/A   ; None         ; 11.156 ns  ; Control:comb_270|state.SW_ADDRESS_COMP  ; Estado[2] ; Clk        ;
; N/A   ; None         ; 11.025 ns  ; Control:comb_270|state.RESET            ; Estado[0] ; Clk        ;
; N/A   ; None         ; 11.002 ns  ; Control:comb_270|state.LUI              ; Estado[0] ; Clk        ;
; N/A   ; None         ; 10.911 ns  ; Control:comb_270|state.J                ; Estado[3] ; Clk        ;
; N/A   ; None         ; 10.897 ns  ; Control:comb_270|state.LUI              ; Estado[3] ; Clk        ;
; N/A   ; None         ; 10.848 ns  ; Control:comb_270|state.BREAK            ; Estado[4] ; Clk        ;
; N/A   ; None         ; 10.652 ns  ; Control:comb_270|state.FETCH_MEM_DELAY2 ; Estado[0] ; Clk        ;
; N/A   ; None         ; 10.625 ns  ; Control:comb_270|state.FETCH_MEM_DELAY2 ; Estado[2] ; Clk        ;
; N/A   ; None         ; 10.623 ns  ; Control:comb_270|state.NOP              ; Estado[0] ; Clk        ;
; N/A   ; None         ; 10.606 ns  ; Control:comb_270|state.AND              ; Estado[1] ; Clk        ;
; N/A   ; None         ; 10.605 ns  ; Control:comb_270|state.LW_ADDRESS_COMP  ; Estado[4] ; Clk        ;
; N/A   ; None         ; 10.596 ns  ; Control:comb_270|state.LW_ADDRESS_COMP  ; Estado[2] ; Clk        ;
; N/A   ; None         ; 10.548 ns  ; Control:comb_270|state.BEQ              ; Estado[0] ; Clk        ;
; N/A   ; None         ; 10.528 ns  ; Control:comb_270|state.BEQ              ; Estado[2] ; Clk        ;
; N/A   ; None         ; 10.518 ns  ; Control:comb_270|state.NOP              ; Estado[3] ; Clk        ;
; N/A   ; None         ; 10.437 ns  ; Control:comb_270|state.SUB              ; Estado[0] ; Clk        ;
; N/A   ; None         ; 10.383 ns  ; Control:comb_270|state.LW_DELAY1        ; Estado[4] ; Clk        ;
; N/A   ; None         ; 10.380 ns  ; Control:comb_270|state.R_WAIT           ; Estado[0] ; Clk        ;
; N/A   ; None         ; 10.275 ns  ; Control:comb_270|state.R_WAIT           ; Estado[3] ; Clk        ;
; N/A   ; None         ; 10.275 ns  ; Control:comb_270|state.NOP              ; Estado[2] ; Clk        ;
; N/A   ; None         ; 10.242 ns  ; Control:comb_270|state.WRITE_BACK       ; Estado[4] ; Clk        ;
; N/A   ; None         ; 10.156 ns  ; Control:comb_270|state.R_WAIT           ; Estado[2] ; Clk        ;
; N/A   ; None         ; 10.136 ns  ; Control:comb_270|state.BNE              ; Estado[2] ; Clk        ;
; N/A   ; None         ; 10.027 ns  ; Control:comb_270|state.DECODE           ; Estado[2] ; Clk        ;
; N/A   ; None         ; 9.967 ns   ; Control:comb_270|state.SW_ADDRESS_COMP  ; Estado[0] ; Clk        ;
; N/A   ; None         ; 9.918 ns   ; Control:comb_270|state.LW_DELAY2        ; Estado[4] ; Clk        ;
; N/A   ; None         ; 9.911 ns   ; Control:comb_270|state.LW_DELAY1        ; Estado[3] ; Clk        ;
; N/A   ; None         ; 9.863 ns   ; Control:comb_270|state.LW_DELAY2        ; Estado[3] ; Clk        ;
; N/A   ; None         ; 9.732 ns   ; Control:comb_270|state.FETCH            ; Estado[0] ; Clk        ;
; N/A   ; None         ; 9.706 ns   ; Control:comb_270|state.BREAK            ; Estado[0] ; Clk        ;
; N/A   ; None         ; 9.664 ns   ; Control:comb_270|state.SW_ADDRESS_COMP  ; Estado[4] ; Clk        ;
; N/A   ; None         ; 9.629 ns   ; Control:comb_270|state.LW               ; Estado[3] ; Clk        ;
; N/A   ; None         ; 9.598 ns   ; Control:comb_270|state.XOR              ; Estado[4] ; Clk        ;
; N/A   ; None         ; 9.489 ns   ; Control:comb_270|state.SW               ; Estado[3] ; Clk        ;
; N/A   ; None         ; 9.451 ns   ; Control:comb_270|state.SUB              ; Estado[4] ; Clk        ;
; N/A   ; None         ; 9.289 ns   ; Control:comb_270|state.LW               ; Estado[0] ; Clk        ;
; N/A   ; None         ; 9.174 ns   ; Control:comb_270|state.WRITE_BACK       ; Estado[2] ; Clk        ;
; N/A   ; None         ; 9.149 ns   ; Control:comb_270|state.LW_DELAY1        ; Estado[0] ; Clk        ;
; N/A   ; None         ; 8.964 ns   ; Control:comb_270|state.ADD              ; Estado[3] ; Clk        ;
; N/A   ; None         ; 8.761 ns   ; Control:comb_270|state.AND              ; Estado[3] ; Clk        ;
+-------+--------------+------------+-----------------------------------------+-----------+------------+


+--------------------------+
; Timing Analyzer Messages ;
+--------------------------+
Info: *******************************************************************
Info: Running Quartus II Classic Timing Analyzer
    Info: Version 9.1 Build 350 03/24/2010 Service Pack 2 SJ Web Edition
    Info: Processing started: Mon Oct 09 11:36:30 2017
Info: Command: quartus_tan --read_settings_files=off --write_settings_files=off MIPS -c MIPS --timing_analysis_only
Info: Parallel compilation is enabled and will use 4 of the 4 processors detected
Warning: Found pins functioning as undefined clocks and/or memory enables
    Info: Assuming node "Clk" is an undefined clock
Info: Clock "Clk" has Internal fmax of 44.36 MHz between source register "Control:comb_270|state.AND" and destination register "Registrador:ProgramCounter|Saida[11]" (period= 22.545 ns)
    Info: + Longest register to register delay is 22.317 ns
        Info: 1: + IC(0.000 ns) + CELL(0.000 ns) = 0.000 ns; Loc. = LCFF_X53_Y25_N13; Fanout = 5; REG Node = 'Control:comb_270|state.AND'
        Info: 2: + IC(1.096 ns) + CELL(0.398 ns) = 1.494 ns; Loc. = LCCOMB_X52_Y27_N4; Fanout = 5; COMB Node = 'Control:comb_270|WideOr2~2'
        Info: 3: + IC(0.280 ns) + CELL(0.275 ns) = 2.049 ns; Loc. = LCCOMB_X52_Y27_N22; Fanout = 34; COMB Node = 'Control:comb_270|WideOr38'
        Info: 4: + IC(0.788 ns) + CELL(0.150 ns) = 2.987 ns; Loc. = LCCOMB_X51_Y31_N20; Fanout = 3; COMB Node = 'Mux32bit_2x1:LHS_Mux|out[2]~26'
        Info: 5: + IC(1.509 ns) + CELL(0.419 ns) = 4.915 ns; Loc. = LCCOMB_X52_Y27_N0; Fanout = 1; COMB Node = 'ALS:ALU|Ula32:ALU|carry_temp[3]~31'
        Info: 6: + IC(0.248 ns) + CELL(0.150 ns) = 5.313 ns; Loc. = LCCOMB_X52_Y27_N12; Fanout = 3; COMB Node = 'ALS:ALU|Ula32:ALU|carry_temp[3]~47'
        Info: 7: + IC(0.251 ns) + CELL(0.150 ns) = 5.714 ns; Loc. = LCCOMB_X52_Y27_N18; Fanout = 1; COMB Node = 'ALS:ALU|Ula32:ALU|carry_temp[5]~32'
        Info: 8: + IC(0.250 ns) + CELL(0.150 ns) = 6.114 ns; Loc. = LCCOMB_X52_Y27_N6; Fanout = 3; COMB Node = 'ALS:ALU|Ula32:ALU|carry_temp[5]~48'
        Info: 9: + IC(0.762 ns) + CELL(0.150 ns) = 7.026 ns; Loc. = LCCOMB_X52_Y24_N24; Fanout = 1; COMB Node = 'ALS:ALU|Ula32:ALU|carry_temp[7]~33'
        Info: 10: + IC(0.497 ns) + CELL(0.150 ns) = 7.673 ns; Loc. = LCCOMB_X51_Y24_N10; Fanout = 3; COMB Node = 'ALS:ALU|Ula32:ALU|carry_temp[7]~49'
        Info: 11: + IC(0.259 ns) + CELL(0.150 ns) = 8.082 ns; Loc. = LCCOMB_X51_Y24_N8; Fanout = 1; COMB Node = 'ALS:ALU|Ula32:ALU|carry_temp[9]~34'
        Info: 12: + IC(0.248 ns) + CELL(0.275 ns) = 8.605 ns; Loc. = LCCOMB_X51_Y24_N20; Fanout = 3; COMB Node = 'ALS:ALU|Ula32:ALU|carry_temp[9]~50'
        Info: 13: + IC(0.258 ns) + CELL(0.275 ns) = 9.138 ns; Loc. = LCCOMB_X51_Y24_N26; Fanout = 1; COMB Node = 'ALS:ALU|Ula32:ALU|carry_temp[11]~35'
        Info: 14: + IC(0.246 ns) + CELL(0.150 ns) = 9.534 ns; Loc. = LCCOMB_X51_Y24_N30; Fanout = 3; COMB Node = 'ALS:ALU|Ula32:ALU|carry_temp[11]~51'
        Info: 15: + IC(0.254 ns) + CELL(0.150 ns) = 9.938 ns; Loc. = LCCOMB_X51_Y24_N12; Fanout = 1; COMB Node = 'ALS:ALU|Ula32:ALU|carry_temp[13]~36'
        Info: 16: + IC(0.252 ns) + CELL(0.150 ns) = 10.340 ns; Loc. = LCCOMB_X51_Y24_N16; Fanout = 3; COMB Node = 'ALS:ALU|Ula32:ALU|carry_temp[13]~52'
        Info: 17: + IC(0.261 ns) + CELL(0.271 ns) = 10.872 ns; Loc. = LCCOMB_X51_Y24_N6; Fanout = 1; COMB Node = 'ALS:ALU|Ula32:ALU|carry_temp[15]~37'
        Info: 18: + IC(0.253 ns) + CELL(0.150 ns) = 11.275 ns; Loc. = LCCOMB_X51_Y24_N18; Fanout = 3; COMB Node = 'ALS:ALU|Ula32:ALU|carry_temp[15]~53'
        Info: 19: + IC(0.257 ns) + CELL(0.150 ns) = 11.682 ns; Loc. = LCCOMB_X51_Y24_N0; Fanout = 1; COMB Node = 'ALS:ALU|Ula32:ALU|carry_temp[17]~38'
        Info: 20: + IC(0.241 ns) + CELL(0.150 ns) = 12.073 ns; Loc. = LCCOMB_X51_Y24_N28; Fanout = 3; COMB Node = 'ALS:ALU|Ula32:ALU|carry_temp[17]~54'
        Info: 21: + IC(0.256 ns) + CELL(0.150 ns) = 12.479 ns; Loc. = LCCOMB_X51_Y24_N2; Fanout = 1; COMB Node = 'ALS:ALU|Ula32:ALU|carry_temp[19]~39'
        Info: 22: + IC(0.249 ns) + CELL(0.150 ns) = 12.878 ns; Loc. = LCCOMB_X51_Y24_N22; Fanout = 3; COMB Node = 'ALS:ALU|Ula32:ALU|carry_temp[19]~55'
        Info: 23: + IC(0.264 ns) + CELL(0.150 ns) = 13.292 ns; Loc. = LCCOMB_X51_Y24_N4; Fanout = 1; COMB Node = 'ALS:ALU|Ula32:ALU|carry_temp[21]~40'
        Info: 24: + IC(0.761 ns) + CELL(0.150 ns) = 14.203 ns; Loc. = LCCOMB_X50_Y27_N12; Fanout = 3; COMB Node = 'ALS:ALU|Ula32:ALU|carry_temp[21]~56'
        Info: 25: + IC(0.250 ns) + CELL(0.150 ns) = 14.603 ns; Loc. = LCCOMB_X50_Y27_N0; Fanout = 1; COMB Node = 'ALS:ALU|Ula32:ALU|carry_temp[23]~41'
        Info: 26: + IC(0.255 ns) + CELL(0.150 ns) = 15.008 ns; Loc. = LCCOMB_X50_Y27_N22; Fanout = 3; COMB Node = 'ALS:ALU|Ula32:ALU|carry_temp[23]~57'
        Info: 27: + IC(0.259 ns) + CELL(0.150 ns) = 15.417 ns; Loc. = LCCOMB_X50_Y27_N18; Fanout = 1; COMB Node = 'ALS:ALU|Ula32:ALU|carry_temp[25]~42'
        Info: 28: + IC(0.253 ns) + CELL(0.150 ns) = 15.820 ns; Loc. = LCCOMB_X50_Y27_N16; Fanout = 3; COMB Node = 'ALS:ALU|Ula32:ALU|carry_temp[25]~58'
        Info: 29: + IC(0.267 ns) + CELL(0.275 ns) = 16.362 ns; Loc. = LCCOMB_X50_Y27_N26; Fanout = 2; COMB Node = 'ALS:ALU|Ula32:ALU|carry_temp[26]~59'
        Info: 30: + IC(0.750 ns) + CELL(0.275 ns) = 17.387 ns; Loc. = LCCOMB_X51_Y26_N28; Fanout = 3; COMB Node = 'ALS:ALU|Ula32:ALU|carry_temp[27]~44'
        Info: 31: + IC(0.262 ns) + CELL(0.150 ns) = 17.799 ns; Loc. = LCCOMB_X51_Y26_N14; Fanout = 2; COMB Node = 'ALS:ALU|Ula32:ALU|carry_temp[28]~45'
        Info: 32: + IC(0.264 ns) + CELL(0.275 ns) = 18.338 ns; Loc. = LCCOMB_X51_Y26_N16; Fanout = 2; COMB Node = 'ALS:ALU|Ula32:ALU|carry_temp[29]~46'
        Info: 33: + IC(0.258 ns) + CELL(0.275 ns) = 18.871 ns; Loc. = LCCOMB_X51_Y26_N8; Fanout = 1; COMB Node = 'ALS:ALU|Ula32:ALU|Mux1~0'
        Info: 34: + IC(0.256 ns) + CELL(0.275 ns) = 19.402 ns; Loc. = LCCOMB_X51_Y26_N26; Fanout = 3; COMB Node = 'ALS:ALU|Ula32:ALU|Mux1~1'
        Info: 35: + IC(0.268 ns) + CELL(0.420 ns) = 20.090 ns; Loc. = LCCOMB_X51_Y26_N6; Fanout = 1; COMB Node = 'Control:comb_270|PC_load~4'
        Info: 36: + IC(0.246 ns) + CELL(0.150 ns) = 20.486 ns; Loc. = LCCOMB_X51_Y26_N0; Fanout = 2; COMB Node = 'Control:comb_270|PC_load~5'
        Info: 37: + IC(0.249 ns) + CELL(0.150 ns) = 20.885 ns; Loc. = LCCOMB_X51_Y26_N18; Fanout = 28; COMB Node = 'Control:comb_270|PC_load~6'
        Info: 38: + IC(0.772 ns) + CELL(0.660 ns) = 22.317 ns; Loc. = LCFF_X50_Y28_N27; Fanout = 1; REG Node = 'Registrador:ProgramCounter|Saida[11]'
        Info: Total cell delay = 7.968 ns ( 35.70 % )
        Info: Total interconnect delay = 14.349 ns ( 64.30 % )
    Info: - Smallest clock skew is -0.014 ns
        Info: + Shortest clock path from clock "Clk" to destination register is 2.868 ns
            Info: 1: + IC(0.000 ns) + CELL(0.989 ns) = 0.989 ns; Loc. = PIN_T2; Fanout = 1; CLK Node = 'Clk'
            Info: 2: + IC(0.114 ns) + CELL(0.000 ns) = 1.103 ns; Loc. = CLKCTRL_G3; Fanout = 1372; COMB Node = 'Clk~clkctrl'
            Info: 3: + IC(1.228 ns) + CELL(0.537 ns) = 2.868 ns; Loc. = LCFF_X50_Y28_N27; Fanout = 1; REG Node = 'Registrador:ProgramCounter|Saida[11]'
            Info: Total cell delay = 1.526 ns ( 53.21 % )
            Info: Total interconnect delay = 1.342 ns ( 46.79 % )
        Info: - Longest clock path from clock "Clk" to source register is 2.882 ns
            Info: 1: + IC(0.000 ns) + CELL(0.989 ns) = 0.989 ns; Loc. = PIN_T2; Fanout = 1; CLK Node = 'Clk'
            Info: 2: + IC(0.114 ns) + CELL(0.000 ns) = 1.103 ns; Loc. = CLKCTRL_G3; Fanout = 1372; COMB Node = 'Clk~clkctrl'
            Info: 3: + IC(1.242 ns) + CELL(0.537 ns) = 2.882 ns; Loc. = LCFF_X53_Y25_N13; Fanout = 5; REG Node = 'Control:comb_270|state.AND'
            Info: Total cell delay = 1.526 ns ( 52.95 % )
            Info: Total interconnect delay = 1.356 ns ( 47.05 % )
    Info: + Micro clock to output delay of source is 0.250 ns
    Info: + Micro setup delay of destination is -0.036 ns
Info: tco from clock "Clk" to destination pin "Estado[1]" through register "Control:comb_270|state.BEQ" is 12.903 ns
    Info: + Longest clock path from clock "Clk" to source register is 2.882 ns
        Info: 1: + IC(0.000 ns) + CELL(0.989 ns) = 0.989 ns; Loc. = PIN_T2; Fanout = 1; CLK Node = 'Clk'
        Info: 2: + IC(0.114 ns) + CELL(0.000 ns) = 1.103 ns; Loc. = CLKCTRL_G3; Fanout = 1372; COMB Node = 'Clk~clkctrl'
        Info: 3: + IC(1.242 ns) + CELL(0.537 ns) = 2.882 ns; Loc. = LCFF_X53_Y25_N9; Fanout = 12; REG Node = 'Control:comb_270|state.BEQ'
        Info: Total cell delay = 1.526 ns ( 52.95 % )
        Info: Total interconnect delay = 1.356 ns ( 47.05 % )
    Info: + Micro clock to output delay of source is 0.250 ns
    Info: + Longest register to pin delay is 9.771 ns
        Info: 1: + IC(0.000 ns) + CELL(0.000 ns) = 0.000 ns; Loc. = LCFF_X53_Y25_N9; Fanout = 12; REG Node = 'Control:comb_270|state.BEQ'
        Info: 2: + IC(1.304 ns) + CELL(0.371 ns) = 1.675 ns; Loc. = LCCOMB_X53_Y26_N14; Fanout = 2; COMB Node = 'Control:comb_270|WideOr2~0'
        Info: 3: + IC(0.256 ns) + CELL(0.275 ns) = 2.206 ns; Loc. = LCCOMB_X53_Y26_N16; Fanout = 2; COMB Node = 'Control:comb_270|WideOr3~1'
        Info: 4: + IC(0.739 ns) + CELL(0.150 ns) = 3.095 ns; Loc. = LCCOMB_X53_Y25_N24; Fanout = 1; COMB Node = 'Control:comb_270|WideOr3~2'
        Info: 5: + IC(4.034 ns) + CELL(2.642 ns) = 9.771 ns; Loc. = PIN_P2; Fanout = 0; PIN Node = 'Estado[1]'
        Info: Total cell delay = 3.438 ns ( 35.19 % )
        Info: Total interconnect delay = 6.333 ns ( 64.81 % )
Info: Quartus II Classic Timing Analyzer was successful. 0 errors, 1 warning
    Info: Peak virtual memory: 196 megabytes
    Info: Processing ended: Mon Oct 09 11:36:31 2017
    Info: Elapsed time: 00:00:01
    Info: Total CPU time (on all processors): 00:00:01


