--------------------------------------------------------------------------------------
Timing Analyzer Summary
--------------------------------------------------------------------------------------

Type           : Worst-case tco
Slack          : N/A
Required Time  : None
Actual Time    : 31.354 ns
From           : Control:comb_302|state.BREAK
To             : Alu[28]
From Clock     : Clk
To Clock       : --
Failed Paths   : 0

Type           : Clock Setup: 'Clk'
Slack          : N/A
Required Time  : None
Actual Time    : 40.77 MHz ( period = 24.528 ns )
From           : Control:comb_302|state.BREAK
To             : Registrador:ProgramCounter|Saida[1]
From Clock     : Clk
To Clock       : Clk
Failed Paths   : 0

Type           : Total number of failed paths
Slack          : 
Required Time  : 
Actual Time    : 
From           : 
To             : 
From Clock     : 
To Clock       : 
Failed Paths   : 0

--------------------------------------------------------------------------------------

